
> next-app-template@0.0.1 build
> next build

   Γû▓ Next.js 15.0.4

   Creating an optimized production build ...
 Γ£ô Compiled successfully
   Linting and checking validity of types ...
npm.cmd : 
At line:1 char:1
+ npm.cmd run build > build_output.txt 2>&1
+ ~~~~~~~~~~~~~~~~~~~~~~~~~~~~~~~~~~~~~~~~~
    + CategoryInfo          : NotSpecified: (:String) [], RemoteException
    + FullyQualifiedErrorId : NativeCommandError
 
Failed to compile.

./src/app/(withRoute)/about/page.tsx
121:9  Warning: Reserved props must be listed before all other props  react/jsx-sort-props

./src/app/(withRoute)/checkout/page.tsx
41:5  Warning: Expected blank line before this statement.  padding-line-between-statements
49:5  Warning: Expected blank line before this statement.  padding-line-between-statements
69:5  Warning: Expected blank line before this statement.  padding-line-between-statements
75:7  Warning: Expected blank line before this statement.  padding-line-between-statements
98:11  Warning: Props should be sorted alphabetically  react/jsx-sort-props
103:13  Warning: Props should be sorted alphabetically  react/jsx-sort-props
104:13  Warning: Props should be sorted alphabetically  react/jsx-sort-props
110:13  Warning: Callbacks must be listed after all other props  react/jsx-sort-props

./src/app/(withRoute)/orders/page.tsx
24:5  Warning: Expected blank line before this statement.  padding-line-between-statements
62:11  Warning: Props should be sorted alphabetically  react/jsx-sort-props
79:15  Warning: Props should be sorted alphabetically  react/jsx-sort-props
101:11  Warning: Props should be sorted alphabetically  react/jsx-sort-props
138:23  Warning: Props should be sorted alphabetically  react/jsx-sort-props
183:25  Warning: Props should be sorted alphabetically  react/jsx-sort-props
185:25  Warning: Props should be sorted alphabetically  react/jsx-sort-props
189:27  Warning: Props should be sorted alphabetically  react/jsx-sort-props
191:27  Warning: Props should be sorted alphabetically  react/jsx-sort-props
192:27  Warning: Props should be sorted alphabetically  react/jsx-sort-props
193:27  Warning: Props should be sorted alphabetically  react/jsx-sort-props
216:62  Warning: Props should be sorted alphabetically  react/jsx-sort-props
281:21  Warning: Callbacks must be listed after all other props  react/jsx-sort-props
290:23  Warning: Callbacks must be listed after all other props  react/jsx-sort-props
302:23  Warning: Props should be sorted alphabetically  react/jsx-sort-props

./src/app/(withRoute)/orders/[id]/page.tsx
10:10  Warning: 'Tooltip' is defined but never used.  unused-imports/no-unused-imports
10:10  Warning: 'Tooltip' is defined but never used.  @typescript-eslint/no-unused-vars
49:9  Warning: Props should be sorted alphabetically  react/jsx-sort-props
65:13  Warning: Props should be sorted alphabetically  react/jsx-sort-props
84:13  Warning: Props should be sorted alphabetically  react/jsx-sort-props
100:11  Warning: Callbacks must be listed after all other props  react/jsx-sort-props
118:15  Warning: Props should be sorted alphabetically  react/jsx-sort-props
119:15  Warning: Props should be sorted alphabetically  react/jsx-sort-props
144:23  Warning: Props should be sorted alphabetically  react/jsx-sort-props
146:23  Warning: Props should be sorted alphabetically  react/jsx-sort-props
150:25  Warning: Props should be sorted alphabetically  react/jsx-sort-props
152:25  Warning: Props should be sorted alphabetically  react/jsx-sort-props
153:25  Warning: Props should be sorted alphabetically  react/jsx-sort-props
171:29  Warning: Props should be sorted alphabetically  react/jsx-sort-props
200:17  Warning: Empty components are self-closing  react/self-closing-comp
204:23  Warning: Empty components are self-closing  react/self-closing-comp

./src/app/(withRoute)/outlets/page.tsx
22:5  Warning: Expected blank line before this statement.  padding-line-between-statements
24:5  Warning: Unexpected console statement.  no-console
42:9  Warning: Empty components are self-closing  react/self-closing-comp
134:17  Warning: Props should be sorted alphabetically  react/jsx-sort-props
135:17  Warning: Shorthand props must be listed before all other props  react/jsx-sort-props
136:17  Warning: Props should be sorted alphabetically  react/jsx-sort-props
138:15  Warning: Empty components are self-closing  react/self-closing-comp

./src/app/(withRoute)/product/[id]/page.tsx
4:10  Warning: 'Key' is defined but never used.  unused-imports/no-unused-imports
4:10  Warning: 'Key' is defined but never used.  @typescript-eslint/no-unused-vars
65:7  Warning: Expected blank line before this statement.  padding-line-between-statements
75:5  Warning: Expected blank line before this statement.  padding-line-between-statements
105:20  Warning: 'emblaApi' is assigned a value but never used.  @typescript-eslint/no-unused-vars
165:34  Warning: Props should be sorted alphabetically  react/jsx-sort-props
166:31  Warning: Props should be sorted alphabetically  react/jsx-sort-props
167:35  Warning: Props should be sorted alphabetically  react/jsx-sort-props
168:41  Warning: Props should be sorted alphabetically  react/jsx-sort-props
169:35  Warning: Props should be sorted alphabetically  react/jsx-sort-props
170:33  Warning: Props should be sorted alphabetically  react/jsx-sort-props
171:35  Warning: Props should be sorted alphabetically  react/jsx-sort-props
174:11  Warning: Reserved props must be listed before all other props  react/jsx-sort-props
198:11  Warning: Props should be sorted alphabetically  react/jsx-sort-props
200:11  Warning: Props should be sorted alphabetically  react/jsx-sort-props
202:26  Warning: Props should be sorted alphabetically  react/jsx-sort-props
206:30  Warning: Props should be sorted alphabetically  react/jsx-sort-props
212:13  Warning: Props should be sorted alphabetically  react/jsx-sort-props
223:11  Warning: Props should be sorted alphabetically  react/jsx-sort-props
225:11  Warning: Props should be sorted alphabetically  react/jsx-sort-props
232:15  Warning: Callbacks must be listed after all other props  react/jsx-sort-props
247:19  Warning: Shorthand props must be listed before all other props  react/jsx-sort-props
259:21  Warning: Props should be sorted alphabetically  react/jsx-sort-props
261:21  Warning: Props should be sorted alphabetically  react/jsx-sort-props
262:21  Warning: Props should be sorted alphabetically  react/jsx-sort-props
308:17  Warning: Props should be sorted alphabetically  react/jsx-sort-props
310:17  Warning: Callbacks must be listed after all other props  react/jsx-sort-props
325:17  Warning: Callbacks must be listed after all other props  react/jsx-sort-props
334:17  Warning: Callbacks must be listed after all other props  react/jsx-sort-props
347:11  Warning: Props should be sorted alphabetically  react/jsx-sort-props
349:11  Warning: Props should be sorted alphabetically  react/jsx-sort-props
362:19  Warning: Callbacks must be listed after all other props  react/jsx-sort-props
377:13  Warning: Props should be sorted alphabetically  react/jsx-sort-props
378:13  Warning: Props should be sorted alphabetically  react/jsx-sort-props
379:13  Warning: Props should be sorted alphabetically  react/jsx-sort-props
384:15  Warning: Props should be sorted alphabetically  react/jsx-sort-props
385:15  Warning: Props should be sorted alphabetically  react/jsx-sort-props
386:15  Warning: Props should be sorted alphabetically  react/jsx-sort-props
389:48  Warning: Reserved props must be listed before all other props  react/jsx-sort-props
405:17  Warning: Shorthand props must be listed before all other props  react/jsx-sort-props

./src/app/(withRoute)/profile/page.tsx
40:28  Warning: Props should be sorted alphabetically  react/jsx-sort-props
46:44  Warning: Props should be sorted alphabetically  react/jsx-sort-props
52:15  Warning: Props should be sorted alphabetically  react/jsx-sort-props
54:15  Warning: Props should be sorted alphabetically  react/jsx-sort-props
55:15  Warning: Props should be sorted alphabetically  react/jsx-sort-props
88:39  Warning: Props should be sorted alphabetically  react/jsx-sort-props
95:15  Warning: Props should be sorted alphabetically  react/jsx-sort-props
96:15  Warning: Callbacks must be listed after all other props  react/jsx-sort-props

./src/app/(withRoute)/track-order/page.tsx
154:7  Warning: Expected blank line before this statement.  padding-line-between-statements
163:7  Warning: Expected blank line before this statement.  padding-line-between-statements
174:5  Warning: Expected blank line before this statement.  padding-line-between-statements
179:5  Warning: Expected blank line before this statement.  padding-line-between-statements
190:11  Warning: Props should be sorted alphabetically  react/jsx-sort-props
191:11  Warning: Props should be sorted alphabetically  react/jsx-sort-props
204:11  Warning: Props should be sorted alphabetically  react/jsx-sort-props
206:11  Warning: Props should be sorted alphabetically  react/jsx-sort-props
218:23  Warning: Callbacks must be listed after all other props  react/jsx-sort-props
237:23  Warning: Props should be sorted alphabetically  react/jsx-sort-props
238:23  Warning: Props should be sorted alphabetically  react/jsx-sort-props
239:23  Warning: Props should be sorted alphabetically  react/jsx-sort-props
240:23  Warning: Props should be sorted alphabetically  react/jsx-sort-props
241:23  Warning: Props should be sorted alphabetically  react/jsx-sort-props
251:21  Warning: Props should be sorted alphabetically  react/jsx-sort-props
252:21  Warning: Props should be sorted alphabetically  react/jsx-sort-props
267:13  Warning: Props should be sorted alphabetically  react/jsx-sort-props
269:13  Warning: Props should be sorted alphabetically  react/jsx-sort-props
280:25  Warning: Props should be sorted alphabetically  react/jsx-sort-props
336:29  Warning: Props should be sorted alphabetically  react/jsx-sort-props
338:29  Warning: Props should be sorted alphabetically  react/jsx-sort-props
517:53  Warning: Props should be sorted alphabetically  react/jsx-sort-props
520:42  Warning: Props should be sorted alphabetically  react/jsx-sort-props
520:52  Warning: Props should be sorted alphabetically  react/jsx-sort-props
533:13  Warning: Props should be sorted alphabetically  react/jsx-sort-props
534:13  Warning: Props should be sorted alphabetically  react/jsx-sort-props

./src/app/dashboard/layout.tsx
17:17  Warning: Props should be sorted alphabetically  react/jsx-sort-props
18:17  Warning: Props should be sorted alphabetically  react/jsx-sort-props

./src/app/dashboard/order-management/page.tsx
56:44  Warning: Props should be sorted alphabetically  react/jsx-sort-props
76:11  Warning: Props should be sorted alphabetically  react/jsx-sort-props
77:11  Warning: Props should be sorted alphabetically  react/jsx-sort-props
78:11  Warning: Callbacks must be listed after all other props  react/jsx-sort-props
88:9  Warning: Props should be sorted alphabetically  react/jsx-sort-props
93:9  Warning: Props should be sorted alphabetically  react/jsx-sort-props
94:9  Warning: Props should be sorted alphabetically  react/jsx-sort-props
95:9  Warning: Callbacks must be listed after all other props  react/jsx-sort-props
96:9  Warning: Props should be sorted alphabetically  react/jsx-sort-props
103:9  Warning: Props should be sorted alphabetically  react/jsx-sort-props
104:9  Warning: Props should be sorted alphabetically  react/jsx-sort-props

./src/app/dashboard/product-management/add-product/page.tsx
61:14  Warning: 'error' is defined but never used.  @typescript-eslint/no-unused-vars
68:7  Warning: Callbacks must be listed after all other props  react/jsx-sort-props
78:9  Warning: Props should be sorted alphabetically  react/jsx-sort-props
79:9  Warning: Props should be sorted alphabetically  react/jsx-sort-props
87:9  Warning: Props should be sorted alphabetically  react/jsx-sort-props
88:9  Warning: Props should be sorted alphabetically  react/jsx-sort-props
95:9  Warning: Props should be sorted alphabetically  react/jsx-sort-props
96:9  Warning: Props should be sorted alphabetically  react/jsx-sort-props
97:9  Warning: Props should be sorted alphabetically  react/jsx-sort-props
98:9  Warning: Props should be sorted alphabetically  react/jsx-sort-props
99:9  Warning: Props should be sorted alphabetically  react/jsx-sort-props
100:9  Warning: Props should be sorted alphabetically  react/jsx-sort-props
108:9  Warning: Props should be sorted alphabetically  react/jsx-sort-props
109:9  Warning: Props should be sorted alphabetically  react/jsx-sort-props
125:9  Warning: Props should be sorted alphabetically  react/jsx-sort-props
126:9  Warning: Props should be sorted alphabetically  react/jsx-sort-props
127:9  Warning: Props should be sorted alphabetically  react/jsx-sort-props
128:9  Warning: Props should be sorted alphabetically  react/jsx-sort-props
129:9  Warning: Props should be sorted alphabetically  react/jsx-sort-props
137:9  Warning: Props should be sorted alphabetically  react/jsx-sort-props
138:9  Warning: Props should be sorted alphabetically  react/jsx-sort-props
144:9  Warning: Props should be sorted alphabetically  react/jsx-sort-props
145:9  Warning: Props should be sorted alphabetically  react/jsx-sort-props
146:9  Warning: Props should be sorted alphabetically  react/jsx-sort-props
147:9  Warning: Shorthand props must be listed before all other props  react/jsx-sort-props

./src/app/dashboard/product-management/product-list/page.tsx
115:7  Warning: Unexpected console statement.  no-console
125:7  Warning: Unexpected console statement.  no-console
134:9  Warning: Expected blank line before this statement.  padding-line-between-statements
138:9  Warning: Expected blank line before this statement.  padding-line-between-statements
160:7  Warning: Expected blank line before this statement.  padding-line-between-statements
163:14  Warning: 'err' is defined but never used.  @typescript-eslint/no-unused-vars
172:9  Warning: Expected blank line before this statement.  padding-line-between-statements
176:9  Warning: Expected blank line before this statement.  padding-line-between-statements
180:7  Warning: Expected blank line before this statement.  padding-line-between-statements
205:14  Warning: 'err' is defined but never used.  @typescript-eslint/no-unused-vars
218:13  Warning: Props should be sorted alphabetically  react/jsx-sort-props
219:13  Warning: Callbacks must be listed after all other props  react/jsx-sort-props
227:13  Warning: Props should be sorted alphabetically  react/jsx-sort-props
228:13  Warning: Callbacks must be listed after all other props  react/jsx-sort-props
242:15  Warning: Callbacks must be listed after all other props  react/jsx-sort-props
248:15  Warning: Callbacks must be listed after all other props  react/jsx-sort-props
261:13  Warning: Props should be sorted alphabetically  react/jsx-sort-props
293:23  Warning: Props should be sorted alphabetically  react/jsx-sort-props
302:23  Warning: Props should be sorted alphabetically  react/jsx-sort-props
315:27  Warning: Props should be sorted alphabetically  react/jsx-sort-props
316:27  Warning: Callbacks must be listed after all other props  react/jsx-sort-props
343:17  Warning: Props should be sorted alphabetically  react/jsx-sort-props
344:17  Warning: Callbacks must be listed after all other props  react/jsx-sort-props

./src/app/dashboard/user-management/page.tsx
71:7  Warning: Unexpected console statement.  no-console
86:47  Warning: Props should be sorted alphabetically  react/jsx-sort-props
88:11  Warning: Callbacks must be listed after all other props  react/jsx-sort-props
115:9  Warning: Props should be sorted alphabetically  react/jsx-sort-props
132:11  Warning: Props should be sorted alphabetically  react/jsx-sort-props
139:21  Warning: Using `<img>` could result in slower LCP and higher bandwidth. Consider using `<Image />` from 
`next/image` to automatically optimize images. This may incur additional usage or cost from your provider. See: 
https://nextjs.org/docs/messages/no-img-element  @next/next/no-img-element
141:23  Warning: Props should be sorted alphabetically  react/jsx-sort-props
142:23  Warning: Props should be sorted alphabetically  react/jsx-sort-props
165:19  Warning: Props should be sorted alphabetically  react/jsx-sort-props
166:19  Warning: Callbacks must be listed after all other props  react/jsx-sort-props
180:19  Warning: Props should be sorted alphabetically  react/jsx-sort-props
190:21  Warning: Props should be sorted alphabetically  react/jsx-sort-props
203:11  Warning: Props should be sorted alphabetically  react/jsx-sort-props
204:11  Warning: Props should be sorted alphabetically  react/jsx-sort-props
205:11  Warning: Callbacks must be listed after all other props  react/jsx-sort-props
217:11  Warning: Props should be sorted alphabetically  react/jsx-sort-props
218:11  Warning: Callbacks must be listed after all other props  react/jsx-sort-props
228:9  Warning: Callbacks must be listed after all other props  react/jsx-sort-props

./src/app/not-found.tsx
17:15  Warning: Empty components are self-closing  react/self-closing-comp
22:11  Warning: Empty components are self-closing  react/self-closing-comp
23:11  Warning: Empty components are self-closing  react/self-closing-comp
24:11  Warning: Empty components are self-closing  react/self-closing-comp
49:17  Warning: Props should be sorted alphabetically  react/jsx-sort-props
51:17  Warning: Props should be sorted alphabetically  react/jsx-sort-props
52:17  Warning: Props should be sorted alphabetically  react/jsx-sort-props
59:17  Warning: Props should be sorted alphabetically  react/jsx-sort-props
61:17  Warning: Props should be sorted alphabetically  react/jsx-sort-props
62:17  Warning: Props should be sorted alphabetically  react/jsx-sort-props
75:17  Warning: Props should be sorted alphabetically  react/jsx-sort-props
88:15  Warning: Props should be sorted alphabetically  react/jsx-sort-props
90:15  Warning: Props should be sorted alphabetically  react/jsx-sort-props

./src/components/about/ContactCTA.tsx
23:11  Warning: Props should be sorted alphabetically  react/jsx-sort-props
24:11  Warning: Props should be sorted alphabetically  react/jsx-sort-props
35:13  Warning: Props should be sorted alphabetically  react/jsx-sort-props
37:13  Warning: Props should be sorted alphabetically  react/jsx-sort-props
38:13  Warning: Props should be sorted alphabetically  react/jsx-sort-props
39:13  Warning: Props should be sorted alphabetically  react/jsx-sort-props

./src/components/about/HeroSection.tsx
63:11  Warning: Props should be sorted alphabetically  react/jsx-sort-props
72:11  Warning: Props should be sorted alphabetically  react/jsx-sort-props
74:11  Warning: Props should be sorted alphabetically  react/jsx-sort-props
75:11  Warning: Props should be sorted alphabetically  react/jsx-sort-props
76:11  Warning: Props should be sorted alphabetically  react/jsx-sort-props
86:11  Warning: Props should be sorted alphabetically  react/jsx-sort-props
87:11  Warning: Props should be sorted alphabetically  react/jsx-sort-props
88:11  Warning: Props should be sorted alphabetically  react/jsx-sort-props
93:13  Warning: Props should be sorted alphabetically  react/jsx-sort-props
101:13  Warning: Props should be sorted alphabetically  react/jsx-sort-props
110:13  Warning: Props should be sorted alphabetically  react/jsx-sort-props
120:17  Warning: Props should be sorted alphabetically  react/jsx-sort-props
122:17  Warning: Props should be sorted alphabetically  react/jsx-sort-props
123:17  Warning: Props should be sorted alphabetically  react/jsx-sort-props
124:17  Warning: Props should be sorted alphabetically  react/jsx-sort-props
138:17  Warning: Props should be sorted alphabetically  react/jsx-sort-props
139:17  Warning: Props should be sorted alphabetically  react/jsx-sort-props
140:17  Warning: Props should be sorted alphabetically  react/jsx-sort-props
141:17  Warning: Props should be sorted alphabetically  react/jsx-sort-props
153:9  Warning: Props should be sorted alphabetically  react/jsx-sort-props

./src/components/about/StorySection.tsx
22:11  Warning: Empty components are self-closing  react/self-closing-comp
43:15  Warning: Empty components are self-closing  react/self-closing-comp

./src/components/about/TeamSection.tsx
67:11  Warning: Props should be sorted alphabetically  react/jsx-sort-props
69:11  Warning: Props should be sorted alphabetically  react/jsx-sort-props
75:11  Warning: Props should be sorted alphabetically  react/jsx-sort-props
76:11  Warning: Props should be sorted alphabetically  react/jsx-sort-props
77:11  Warning: Props should be sorted alphabetically  react/jsx-sort-props
87:17  Warning: Shorthand props must be listed before all other props  react/jsx-sort-props
93:23  Warning: Props should be sorted alphabetically  react/jsx-sort-props
95:23  Warning: Props should be sorted alphabetically  react/jsx-sort-props
96:23  Warning: Props should be sorted alphabetically  react/jsx-sort-props
97:23  Warning: Shorthand props must be listed before all other props  react/jsx-sort-props
98:23  Warning: Props should be sorted alphabetically  react/jsx-sort-props
105:23  Warning: Props should be sorted alphabetically  react/jsx-sort-props
121:23  Warning: Props should be sorted alphabetically  react/jsx-sort-props
127:27  Warning: Expected blank line before this statement.  padding-line-between-statements
132:31  Warning: Props should be sorted alphabetically  react/jsx-sort-props
137:33  Warning: Props should be sorted alphabetically  react/jsx-sort-props
138:33  Warning: Props should be sorted alphabetically  react/jsx-sort-props
139:33  Warning: Props should be sorted alphabetically  react/jsx-sort-props

./src/components/about/ValuesSection.tsx
39:13  Warning: Expected blank line before this statement.  padding-line-between-statements
43:17  Warning: Props should be sorted alphabetically  react/jsx-sort-props
44:17  Warning: Props should be sorted alphabetically  react/jsx-sort-props
45:17  Warning: Props should be sorted alphabetically  react/jsx-sort-props

./src/components/authFrom.tsx
12:10  Warning: 'toast' is defined but never used.  unused-imports/no-unused-imports
12:10  Warning: 'toast' is defined but never used.  @typescript-eslint/no-unused-vars
82:7  Warning: Props should be sorted alphabetically  react/jsx-sort-props
84:7  Warning: Props should be sorted alphabetically  react/jsx-sort-props
93:15  Warning: Callbacks must be listed after all other props  react/jsx-sort-props
100:15  Warning: Props should be sorted alphabetically  react/jsx-sort-props
101:15  Warning: Props should be sorted alphabetically  react/jsx-sort-props
111:13  Warning: Props should be sorted alphabetically  react/jsx-sort-props
113:13  Warning: Props should be sorted alphabetically  react/jsx-sort-props
114:13  Warning: Props should be sorted alphabetically  react/jsx-sort-props
122:15  Warning: Props should be sorted alphabetically  react/jsx-sort-props
124:15  Warning: Props should be sorted alphabetically  react/jsx-sort-props
127:15  Warning: Props should be sorted alphabetically  react/jsx-sort-props
137:13  Warning: Props should be sorted alphabetically  react/jsx-sort-props
139:13  Warning: Props should be sorted alphabetically  react/jsx-sort-props
140:13  Warning: Props should be sorted alphabetically  react/jsx-sort-props
148:15  Warning: Props should be sorted alphabetically  react/jsx-sort-props
150:15  Warning: Props should be sorted alphabetically  react/jsx-sort-props
153:15  Warning: Props should be sorted alphabetically  react/jsx-sort-props
161:13  Warning: Props should be sorted alphabetically  react/jsx-sort-props
162:13  Warning: Props should be sorted alphabetically  react/jsx-sort-props
163:13  Warning: Props should be sorted alphabetically  react/jsx-sort-props
173:13  Warning: Props should be sorted alphabetically  react/jsx-sort-props

./src/components/cart/CartItem.tsx
35:11  Warning: Props should be sorted alphabetically  react/jsx-sort-props
37:11  Warning: Props should be sorted alphabetically  react/jsx-sort-props
38:11  Warning: Props should be sorted alphabetically  react/jsx-sort-props
60:13  Warning: Callbacks must be listed after all other props  react/jsx-sort-props
74:13  Warning: Callbacks must be listed after all other props  react/jsx-sort-props
84:11  Warning: Props should be sorted alphabetically  react/jsx-sort-props
86:11  Warning: Callbacks must be listed after all other props  react/jsx-sort-props

./src/components/cart/CartModal.tsx
27:9  Warning: Props should be sorted alphabetically  react/jsx-sort-props
29:9  Warning: Props should be sorted alphabetically  react/jsx-sort-props
34:11  Warning: Callbacks must be listed after all other props  react/jsx-sort-props
44:9  Warning: Callbacks must be listed after all other props  react/jsx-sort-props
101:21  Warning: Props should be sorted alphabetically  react/jsx-sort-props
116:23  Warning: Props should be sorted alphabetically  react/jsx-sort-props

./src/components/categories/CategoryCard.tsx
43:7  Warning: Props should be sorted alphabetically  react/jsx-sort-props
44:7  Warning: Shorthand props must be listed before all other props  react/jsx-sort-props
46:7  Warning: Props should be sorted alphabetically  react/jsx-sort-props
51:11  Warning: Props should be sorted alphabetically  react/jsx-sort-props
53:11  Warning: Props should be sorted alphabetically  react/jsx-sort-props
54:11  Warning: Props should be sorted alphabetically  react/jsx-sort-props
55:11  Warning: Props should be sorted alphabetically  react/jsx-sort-props

./src/components/categories/CategoryProductsSlider.tsx
99:13  Warning: Props should be sorted alphabetically  react/jsx-sort-props
103:51  Warning: Reserved props must be listed before all other props  react/jsx-sort-props
110:19  Warning: Props should be sorted alphabetically  react/jsx-sort-props
123:15  Warning: Callbacks must be listed after all other props  react/jsx-sort-props
128:15  Warning: Callbacks must be listed after all other props  react/jsx-sort-props

./src/components/categories/EmblaCarouselArrowButtons.tsx
59:27  Warning: Props should be sorted alphabetically  react/jsx-sort-props
63:11  Warning: Props should be sorted alphabetically  react/jsx-sort-props
75:27  Warning: Props should be sorted alphabetically  react/jsx-sort-props
79:11  Warning: Props should be sorted alphabetically  react/jsx-sort-props

./src/components/changePassword/ChangePasswordForm.tsx
37:16  Warning: 'error' is defined but never used.  @typescript-eslint/no-unused-vars
45:7  Warning: Props should be sorted alphabetically  react/jsx-sort-props
47:7  Warning: Props should be sorted alphabetically  react/jsx-sort-props
54:15  Warning: Callbacks must be listed after all other props  react/jsx-sort-props
59:13  Warning: Props should be sorted alphabetically  react/jsx-sort-props
61:13  Warning: Props should be sorted alphabetically  react/jsx-sort-props
62:13  Warning: Props should be sorted alphabetically  react/jsx-sort-props
69:13  Warning: Props should be sorted alphabetically  react/jsx-sort-props
71:13  Warning: Props should be sorted alphabetically  react/jsx-sort-props
72:13  Warning: Props should be sorted alphabetically  react/jsx-sort-props
77:13  Warning: Props should be sorted alphabetically  react/jsx-sort-props
78:13  Warning: Props should be sorted alphabetically  react/jsx-sort-props
79:13  Warning: Props should be sorted alphabetically  react/jsx-sort-props

./src/components/heroSection/Carousel.tsx
64:5  Warning: Expected blank line before this statement.  padding-line-between-statements
71:40  Warning: Reserved props must be listed before all other props  react/jsx-sort-props
76:15  Warning: Reserved props must be listed before all other props  react/jsx-sort-props
81:19  Warning: Props should be sorted alphabetically  react/jsx-sort-props
82:19  Warning: Shorthand props must be listed before all other props  react/jsx-sort-props
83:19  Warning: Props should be sorted alphabetically  react/jsx-sort-props
84:19  Warning: Props should be sorted alphabetically  react/jsx-sort-props
85:19  Warning: Props should be sorted alphabetically  react/jsx-sort-props
86:19  Warning: Props should be sorted alphabetically  react/jsx-sort-props
104:25  Warning: Props should be sorted alphabetically  react/jsx-sort-props
105:25  Warning: Props should be sorted alphabetically  react/jsx-sort-props
123:13  Warning: Callbacks must be listed after all other props  react/jsx-sort-props
134:9  Warning: Callbacks must be listed after all other props  react/jsx-sort-props
140:11  Warning: Props should be sorted alphabetically  react/jsx-sort-props
141:11  Warning: Props should be sorted alphabetically  react/jsx-sort-props
142:11  Warning: Props should be sorted alphabetically  react/jsx-sort-props
143:11  Warning: Props should be sorted alphabetically  react/jsx-sort-props
144:11  Warning: Props should be sorted alphabetically  react/jsx-sort-props
145:11  Warning: Props should be sorted alphabetically  react/jsx-sort-props
146:11  Warning: Props should be sorted alphabetically  react/jsx-sort-props
147:11  Warning: Props should be sorted alphabetically  react/jsx-sort-props
153:9  Warning: Callbacks must be listed after all other props  react/jsx-sort-props
159:11  Warning: Props should be sorted alphabetically  react/jsx-sort-props
160:11  Warning: Props should be sorted alphabetically  react/jsx-sort-props
161:11  Warning: Props should be sorted alphabetically  react/jsx-sort-props
162:11  Warning: Props should be sorted alphabetically  react/jsx-sort-props
163:11  Warning: Props should be sorted alphabetically  react/jsx-sort-props
164:11  Warning: Props should be sorted alphabetically  react/jsx-sort-props
165:11  Warning: Props should be sorted alphabetically  react/jsx-sort-props
166:11  Warning: Props should be sorted alphabetically  react/jsx-sort-props

./src/components/heroSection/HeroSection.tsx
58:17  Warning: Props should be sorted alphabetically  react/jsx-sort-props
59:17  Warning: Shorthand props must be listed before all other props  react/jsx-sort-props
60:17  Warning: Props should be sorted alphabetically  react/jsx-sort-props
61:17  Warning: Props should be sorted alphabetically  react/jsx-sort-props
62:17  Warning: Props should be sorted alphabetically  react/jsx-sort-props

./src/components/homepageComponent/Categories.tsx
6:70  Warning: Props should be sorted alphabetically  react/jsx-sort-props

./src/components/homepageComponent/CategoriesClient.tsx
27:11  Warning: Shorthand props must be listed before all other props  react/jsx-sort-props
28:11  Warning: Shorthand props must be listed before all other props  react/jsx-sort-props
29:11  Warning: Callbacks must be listed after all other props  react/jsx-sort-props
35:15  Warning: Props should be sorted alphabetically  react/jsx-sort-props
37:15  Warning: Props should be sorted alphabetically  react/jsx-sort-props
38:15  Warning: Props should be sorted alphabetically  react/jsx-sort-props

./src/components/homepageComponent/CategoriesSkeleton.tsx
6:31  Warning: Props should be sorted alphabetically  react/jsx-sort-props

./src/components/homepageComponent/FeatureProducts.tsx
17:5  Warning: Unexpected console statement.  no-console
29:5  Warning: Expected blank line before this statement.  padding-line-between-statements
34:33  Warning: Props should be sorted alphabetically  react/jsx-sort-props
54:33  Warning: Props should be sorted alphabetically  react/jsx-sort-props
65:13  Warning: Callbacks must be listed after all other props  react/jsx-sort-props
78:33  Warning: Props should be sorted alphabetically  react/jsx-sort-props
89:13  Warning: Callbacks must be listed after all other props  react/jsx-sort-props
103:31  Warning: Props should be sorted alphabetically  react/jsx-sort-props
125:13  Warning: Props should be sorted alphabetically  react/jsx-sort-props
127:13  Warning: Props should be sorted alphabetically  react/jsx-sort-props
145:9  Warning: Props should be sorted alphabetically  react/jsx-sort-props
151:11  Warning: Props should be sorted alphabetically  react/jsx-sort-props
152:11  Warning: Props should be sorted alphabetically  react/jsx-sort-props
153:11  Warning: Callbacks must be listed after all other props  react/jsx-sort-props
159:13  Warning: Props should be sorted alphabetically  react/jsx-sort-props

./src/components/homepageComponent/FeatureProductSkeleton.tsx
7:31  Warning: Props should be sorted alphabetically  react/jsx-sort-props

./src/components/homepageComponent/HeroSection.tsx
46:13  Warning: Props should be sorted alphabetically  react/jsx-sort-props
67:15  Warning: Props should be sorted alphabetically  react/jsx-sort-props
74:43  Warning: Props should be sorted alphabetically  react/jsx-sort-props
85:7  Warning: Props should be sorted alphabetically  react/jsx-sort-props
102:13  Warning: Shorthand props must be listed before all other props  react/jsx-sort-props
129:15  Warning: Props should be sorted alphabetically  react/jsx-sort-props

./src/components/homepageComponent/HeroSkeleton.tsx
8:7  Warning: Props should be sorted alphabetically  react/jsx-sort-props

./src/components/icons.tsx
176:5  Warning: Props should be sorted alphabetically  react/jsx-sort-props
177:5  Warning: Props should be sorted alphabetically  react/jsx-sort-props
178:5  Warning: Props should be sorted alphabetically  react/jsx-sort-props
179:5  Warning: Props should be sorted alphabetically  react/jsx-sort-props
185:7  Warning: Props should be sorted alphabetically  react/jsx-sort-props
198:5  Warning: Props should be sorted alphabetically  react/jsx-sort-props
199:5  Warning: Props should be sorted alphabetically  react/jsx-sort-props
200:5  Warning: Props should be sorted alphabetically  react/jsx-sort-props
201:5  Warning: Props should be sorted alphabetically  react/jsx-sort-props
202:5  Warning: Props should be sorted alphabetically  react/jsx-sort-props
203:5  Warning: Props should be sorted alphabetically  react/jsx-sort-props
209:7  Warning: Props should be sorted alphabetically  react/jsx-sort-props
222:5  Warning: Props should be sorted alphabetically  react/jsx-sort-props
223:5  Warning: Props should be sorted alphabetically  react/jsx-sort-props
224:5  Warning: Props should be sorted alphabetically  react/jsx-sort-props
225:5  Warning: Props should be sorted alphabetically  react/jsx-sort-props
230:7  Warning: Props should be sorted alphabetically  react/jsx-sort-props
231:7  Warning: Props should be sorted alphabetically  react/jsx-sort-props
244:5  Warning: Props should be sorted alphabetically  react/jsx-sort-props
245:5  Warning: Props should be sorted alphabetically  react/jsx-sort-props
246:5  Warning: Props should be sorted alphabetically  react/jsx-sort-props
247:5  Warning: Props should be sorted alphabetically  react/jsx-sort-props
262:5  Warning: Props should be sorted alphabetically  react/jsx-sort-props
263:5  Warning: Props should be sorted alphabetically  react/jsx-sort-props
264:5  Warning: Props should be sorted alphabetically  react/jsx-sort-props
265:5  Warning: Props should be sorted alphabetically  react/jsx-sort-props
282:5  Warning: Props should be sorted alphabetically  react/jsx-sort-props
283:5  Warning: Props should be sorted alphabetically  react/jsx-sort-props
284:5  Warning: Props should be sorted alphabetically  react/jsx-sort-props
285:5  Warning: Props should be sorted alphabetically  react/jsx-sort-props
300:5  Warning: Props should be sorted alphabetically  react/jsx-sort-props
301:5  Warning: Props should be sorted alphabetically  react/jsx-sort-props
302:5  Warning: Props should be sorted alphabetically  react/jsx-sort-props
303:5  Warning: Props should be sorted alphabetically  react/jsx-sort-props
309:7  Warning: Props should be sorted alphabetically  react/jsx-sort-props
322:5  Warning: Props should be sorted alphabetically  react/jsx-sort-props
323:5  Warning: Props should be sorted alphabetically  react/jsx-sort-props
324:5  Warning: Props should be sorted alphabetically  react/jsx-sort-props
325:5  Warning: Props should be sorted alphabetically  react/jsx-sort-props
331:7  Warning: Props should be sorted alphabetically  react/jsx-sort-props
344:5  Warning: Props should be sorted alphabetically  react/jsx-sort-props
345:5  Warning: Props should be sorted alphabetically  react/jsx-sort-props
346:5  Warning: Props should be sorted alphabetically  react/jsx-sort-props
347:5  Warning: Props should be sorted alphabetically  react/jsx-sort-props
353:7  Warning: Props should be sorted alphabetically  react/jsx-sort-props
366:5  Warning: Props should be sorted alphabetically  react/jsx-sort-props
367:5  Warning: Props should be sorted alphabetically  react/jsx-sort-props
368:5  Warning: Props should be sorted alphabetically  react/jsx-sort-props
369:5  Warning: Props should be sorted alphabetically  react/jsx-sort-props
375:7  Warning: Props should be sorted alphabetically  react/jsx-sort-props
388:5  Warning: Props should be sorted alphabetically  react/jsx-sort-props
389:5  Warning: Props should be sorted alphabetically  react/jsx-sort-props
390:5  Warning: Props should be sorted alphabetically  react/jsx-sort-props
391:5  Warning: Props should be sorted alphabetically  react/jsx-sort-props
397:7  Warning: Props should be sorted alphabetically  react/jsx-sort-props
483:7  Warning: Props should be sorted alphabetically  react/jsx-sort-props
484:7  Warning: Props should be sorted alphabetically  react/jsx-sort-props
485:7  Warning: Props should be sorted alphabetically  react/jsx-sort-props
486:7  Warning: Props should be sorted alphabetically  react/jsx-sort-props

./src/components/navbar/BranchSelection.tsx
68:9  Warning: Callbacks must be listed after all other props  react/jsx-sort-props
75:13  Warning: Props should be sorted alphabetically  react/jsx-sort-props
92:40  Warning: Props should be sorted alphabetically  react/jsx-sort-props
96:11  Warning: Props should be sorted alphabetically  react/jsx-sort-props
97:11  Warning: Props should be sorted alphabetically  react/jsx-sort-props
98:11  Warning: Props should be sorted alphabetically  react/jsx-sort-props
112:13  Warning: Callbacks must be listed after all other props  react/jsx-sort-props

./src/components/navbar/CategoriesDropdownClient.tsx
40:9  Warning: Props should be sorted alphabetically  react/jsx-sort-props
41:9  Warning: Props should be sorted alphabetically  react/jsx-sort-props

./src/components/navbar/CategoriesDropdownContainer.tsx
9:7  Warning: Props should be sorted alphabetically  react/jsx-sort-props

./src/components/navbar/MainNavigation.tsx
24:63  Warning: Props should be sorted alphabetically  react/jsx-sort-props
27:15  Warning: Props should be sorted alphabetically  react/jsx-sort-props
33:15  Warning: Props should be sorted alphabetically  react/jsx-sort-props
39:15  Warning: Props should be sorted alphabetically  react/jsx-sort-props
47:15  Warning: Props should be sorted alphabetically  react/jsx-sort-props
54:15  Warning: Props should be sorted alphabetically  react/jsx-sort-props

./src/components/navbar/MobileMenu.tsx
40:11  Warning: Callbacks must be listed after all other props  react/jsx-sort-props
43:11  Warning: Props should be sorted alphabetically  react/jsx-sort-props
51:11  Warning: Props should be sorted alphabetically  react/jsx-sort-props
57:11  Warning: Props should be sorted alphabetically  react/jsx-sort-props
66:11  Warning: Props should be sorted alphabetically  react/jsx-sort-props
74:11  Warning: Props should be sorted alphabetically  react/jsx-sort-props
83:11  Warning: Props should be sorted alphabetically  react/jsx-sort-props
94:15  Warning: Props should be sorted alphabetically  react/jsx-sort-props
103:15  Warning: Props should be sorted alphabetically  react/jsx-sort-props
113:17  Warning: Props should be sorted alphabetically  react/jsx-sort-props
122:15  Warning: Props should be sorted alphabetically  react/jsx-sort-props
130:19  Warning: Unexpected console statement.  no-console
141:13  Warning: Props should be sorted alphabetically  react/jsx-sort-props
143:13  Warning: Props should be sorted alphabetically  react/jsx-sort-props
144:13  Warning: Props should be sorted alphabetically  react/jsx-sort-props
145:13  Warning: Props should be sorted alphabetically  react/jsx-sort-props

./src/components/navbar/NavbarClient.tsx
44:9  Warning: Props should be sorted alphabetically  react/jsx-sort-props
45:9  Warning: Shorthand props must be listed before all other props  react/jsx-sort-props
46:9  Warning: Props should be sorted alphabetically  react/jsx-sort-props
57:15  Warning: Props should be sorted alphabetically  react/jsx-sort-props
71:13  Warning: Callbacks must be listed after all other props  react/jsx-sort-props
75:13  Warning: Props should be sorted alphabetically  react/jsx-sort-props
93:11  Warning: Props should be sorted alphabetically  react/jsx-sort-props

./src/components/navbar/UserActions.tsx
24:9  Warning: 'handleLogout' is assigned a value but never used.  @typescript-eslint/no-unused-vars
29:7  Warning: Unexpected console statement.  no-console
54:13  Warning: Props should be sorted alphabetically  react/jsx-sort-props
55:13  Warning: Props should be sorted alphabetically  react/jsx-sort-props
56:13  Warning: Props should be sorted alphabetically  react/jsx-sort-props

./src/components/Order/ErrorCard.tsx
19:13  Warning: Props should be sorted alphabetically  react/jsx-sort-props

./src/components/Order/FilterBar.tsx
31:31  Warning: Props should be sorted alphabetically  react/jsx-sort-props
39:47  Warning: Props should be sorted alphabetically  react/jsx-sort-props
53:13  Warning: Props should be sorted alphabetically  react/jsx-sort-props
64:13  Warning: Callbacks must be listed after all other props  react/jsx-sort-props
84:19  Warning: Props should be sorted alphabetically  react/jsx-sort-props
98:19  Warning: Callbacks must be listed after all other props  react/jsx-sort-props
118:21  Warning: Callbacks must be listed after all other props  react/jsx-sort-props
139:9  Warning: Callbacks must be listed after all other props  react/jsx-sort-props

./src/components/Order/OrderSummary.tsx
55:21  Warning: Callbacks must be listed after all other props  react/jsx-sort-props
73:21  Warning: Props should be sorted alphabetically  react/jsx-sort-props

./src/components/Order/OrderTable.tsx
93:11  Warning: Callbacks must be listed after all other props  react/jsx-sort-props
104:11  Warning: Callbacks must be listed after all other props  react/jsx-sort-props
115:11  Warning: Callbacks must be listed after all other props  react/jsx-sort-props
126:11  Warning: Callbacks must be listed after all other props  react/jsx-sort-props
137:11  Warning: Callbacks must be listed after all other props  react/jsx-sort-props
180:19  Warning: Props should be sorted alphabetically  react/jsx-sort-props
181:19  Warning: Props should be sorted alphabetically  react/jsx-sort-props
182:19  Warning: Props should be sorted alphabetically  react/jsx-sort-props
201:21  Warning: Props should be sorted alphabetically  react/jsx-sort-props
225:11  Warning: Props should be sorted alphabetically  react/jsx-sort-props
233:11  Warning: Callbacks must be listed after all other props  react/jsx-sort-props

./src/components/Order/ShippingInformation.tsx
44:11  Warning: Shorthand props must be listed before all other props  react/jsx-sort-props
45:11  Warning: Props should be sorted alphabetically  react/jsx-sort-props
46:11  Warning: Props should be sorted alphabetically  react/jsx-sort-props
47:11  Warning: Shorthand props must be listed before all other props  react/jsx-sort-props
55:11  Warning: Shorthand props must be listed before all other props  react/jsx-sort-props
56:11  Warning: Props should be sorted alphabetically  react/jsx-sort-props
57:11  Warning: Props should be sorted alphabetically  react/jsx-sort-props
58:11  Warning: Shorthand props must be listed before all other props  react/jsx-sort-props
66:11  Warning: Callbacks must be listed after all other props  react/jsx-sort-props
77:11  Warning: Callbacks must be listed after all other props  react/jsx-sort-props
87:11  Warning: Callbacks must be listed after all other props  react/jsx-sort-props
98:11  Warning: Callbacks must be listed after all other props  react/jsx-sort-props
109:11  Warning: Callbacks must be listed after all other props  react/jsx-sort-props
120:11  Warning: Shorthand props must be listed before all other props  react/jsx-sort-props
121:11  Warning: Props should be sorted alphabetically  react/jsx-sort-props
122:11  Warning: Props should be sorted alphabetically  react/jsx-sort-props
123:11  Warning: Shorthand props must be listed before all other props  react/jsx-sort-props

./src/components/Order/StatusUpdateModal.tsx
91:5  Warning: Expected blank line before this statement.  padding-line-between-statements
108:7  Warning: Callbacks must be listed after all other props  react/jsx-sort-props
131:19  Warning: Props should be sorted alphabetically  react/jsx-sort-props
140:21  Warning: Props should be sorted alphabetically  react/jsx-sort-props
150:19  Warning: Props should be sorted alphabetically  react/jsx-sort-props
161:19  Warning: Callbacks must be listed after all other props  react/jsx-sort-props
211:27  Warning: Callbacks must be listed after all other props  react/jsx-sort-props
227:17  Warning: Callbacks must be listed after all other props  react/jsx-sort-props
237:17  Warning: Callbacks must be listed after all other props  react/jsx-sort-props

./src/components/outlets/OutletCard.tsx
16:11  Warning: Props should be sorted alphabetically  react/jsx-sort-props
17:11  Warning: Shorthand props must be listed before all other props  react/jsx-sort-props
18:11  Warning: Props should be sorted alphabetically  react/jsx-sort-props
55:13  Warning: Props should be sorted alphabetically  react/jsx-sort-props
61:13  Warning: Callbacks must be listed after all other props  react/jsx-sort-props

./src/components/outlets/SearchAndFilter.tsx
19:11  Warning: Props should be sorted alphabetically  react/jsx-sort-props
20:11  Warning: Props should be sorted alphabetically  react/jsx-sort-props
40:13  Warning: Props should be sorted alphabetically  react/jsx-sort-props
41:13  Warning: Props should be sorted alphabetically  react/jsx-sort-props
45:15  Warning: Props should be sorted alphabetically  react/jsx-sort-props
46:15  Warning: Props should be sorted alphabetically  react/jsx-sort-props
53:9  Warning: Props should be sorted alphabetically  react/jsx-sort-props

./src/components/product/ApplyDiscountModal.tsx
82:14  Warning: 'error' is defined but never used.  @typescript-eslint/no-unused-vars
102:17  Warning: Props should be sorted alphabetically  react/jsx-sort-props
122:17  Warning: Props should be sorted alphabetically  react/jsx-sort-props
128:21  Warning: Callbacks must be listed after all other props  react/jsx-sort-props
137:17  Warning: Props should be sorted alphabetically  react/jsx-sort-props
151:17  Warning: Props should be sorted alphabetically  react/jsx-sort-props
157:21  Warning: Callbacks must be listed after all other props  react/jsx-sort-props
166:37  Warning: Props should be sorted alphabetically  react/jsx-sort-props
172:19  Warning: Callbacks must be listed after all other props  react/jsx-sort-props

./src/components/product/EditProductModal.tsx
75:30  Warning: Callbacks must be listed after all other props  react/jsx-sort-props
83:17  Warning: Props should be sorted alphabetically  react/jsx-sort-props
96:17  Warning: Props should be sorted alphabetically  react/jsx-sort-props
109:17  Warning: Props should be sorted alphabetically  react/jsx-sort-props
123:17  Warning: Props should be sorted alphabetically  react/jsx-sort-props
129:21  Warning: Callbacks must be listed after all other props  react/jsx-sort-props
138:17  Warning: Props should be sorted alphabetically  react/jsx-sort-props
158:17  Warning: Props should be sorted alphabetically  react/jsx-sort-props
164:21  Warning: Callbacks must be listed after all other props  react/jsx-sort-props
173:17  Warning: Props should be sorted alphabetically  react/jsx-sort-props
195:17  Warning: Props should be sorted alphabetically  react/jsx-sort-props
205:21  Warning: Callbacks must be listed after all other props  react/jsx-sort-props
222:37  Warning: Props should be sorted alphabetically  react/jsx-sort-props

./src/components/SearchBar.tsx
54:11  Warning: Callbacks must be listed after all other props  react/jsx-sort-props
57:9  Warning: Props should be sorted alphabetically  react/jsx-sort-props
59:9  Warning: Callbacks must be listed after all other props  react/jsx-sort-props
60:45  Warning: Props should be sorted alphabetically  react/jsx-sort-props
65:15  Warning: Callbacks must be listed after all other props  react/jsx-sort-props
68:28  Warning: Props should be sorted alphabetically  react/jsx-sort-props

./src/components/shop/Filters.tsx
125:7  Warning: Expected blank line before this statement.  padding-line-between-statements
141:5  Warning: Expected blank line before this statement.  padding-line-between-statements
149:7  Warning: Props should be sorted alphabetically  react/jsx-sort-props
161:13  Warning: Callbacks must be listed after all other props  react/jsx-sort-props
190:13  Warning: Props should be sorted alphabetically  react/jsx-sort-props
193:13  Warning: Callbacks must be listed after all other props  react/jsx-sort-props
219:15  Warning: Visible, non-interactive elements with click handlers must have at least one keyboard listener.  
jsx-a11y/click-events-have-key-events
219:15  Error: Avoid non-native interactive elements. If using native HTML is not possible, add an appropriate role 
and support for tabbing, mouse, keyboard, and touch inputs to an interactive content element.  
jsx-a11y/no-static-element-interactions
233:17  Warning: Props should be sorted alphabetically  react/jsx-sort-props
234:17  Warning: Callbacks must be listed after all other props  react/jsx-sort-props
259:11  Warning: Callbacks must be listed after all other props  react/jsx-sort-props

./src/components/shop/PaginationControls.tsx
18:5  Warning: Expected blank line before this statement.  padding-line-between-statements
26:9  Warning: Props should be sorted alphabetically  react/jsx-sort-props
27:9  Warning: Callbacks must be listed after all other props  react/jsx-sort-props

./src/components/shop/ProductGrid.tsx
76:11  Warning: Props should be sorted alphabetically  react/jsx-sort-props

./src/components/UI/Footer.tsx
27:36  Warning: Props should be sorted alphabetically  react/jsx-sort-props
32:39  Warning: Props should be sorted alphabetically  react/jsx-sort-props
37:40  Warning: Props should be sorted alphabetically  react/jsx-sort-props
42:35  Warning: Props should be sorted alphabetically  react/jsx-sort-props
54:37  Warning: Props should be sorted alphabetically  react/jsx-sort-props
59:40  Warning: Props should be sorted alphabetically  react/jsx-sort-props
64:39  Warning: Props should be sorted alphabetically  react/jsx-sort-props
69:39  Warning: Props should be sorted alphabetically  react/jsx-sort-props
85:17  Warning: Props should be sorted alphabetically  react/jsx-sort-props
86:17  Warning: Props should be sorted alphabetically  react/jsx-sort-props
87:17  Warning: Shorthand props must be listed before all other props  react/jsx-sort-props
89:37  Warning: Props should be sorted alphabetically  react/jsx-sort-props
100:63  Warning: Props should be sorted alphabetically  react/jsx-sort-props
100:89  Warning: Props should be sorted alphabetically  react/jsx-sort-props
103:62  Warning: Props should be sorted alphabetically  react/jsx-sort-props
103:88  Warning: Props should be sorted alphabetically  react/jsx-sort-props
106:64  Warning: Props should be sorted alphabetically  react/jsx-sort-props
106:90  Warning: Props should be sorted alphabetically  react/jsx-sort-props
109:63  Warning: Props should be sorted alphabetically  react/jsx-sort-props
109:89  Warning: Props should be sorted alphabetically  react/jsx-sort-props

./src/components/UI/ProductCard.tsx
36:7  Warning: Expected blank line before this statement.  padding-line-between-statements
62:7  Warning: Expected blank line before this statement.  padding-line-between-statements
101:9  Warning: Props should be sorted alphabetically  react/jsx-sort-props
102:9  Warning: Props should be sorted alphabetically  react/jsx-sort-props
112:15  Warning: Props should be sorted alphabetically  react/jsx-sort-props
113:15  Warning: Shorthand props must be listed before all other props  react/jsx-sort-props
114:15  Warning: Props should be sorted alphabetically  react/jsx-sort-props
122:17  Warning: Props should be sorted alphabetically  react/jsx-sort-props
123:17  Warning: Props should be sorted alphabetically  react/jsx-sort-props
124:17  Warning: Props should be sorted alphabetically  react/jsx-sort-props
139:7  Warning: Props should be sorted alphabetically  react/jsx-sort-props
140:7  Warning: Props should be sorted alphabetically  react/jsx-sort-props
144:9  Warning: Props should be sorted alphabetically  react/jsx-sort-props
145:9  Warning: Props should be sorted alphabetically  react/jsx-sort-props
151:28  Warning: Props should be sorted alphabetically  react/jsx-sort-props
162:11  Warning: Props should be sorted alphabetically  react/jsx-sort-props
163:11  Warning: Callbacks must be listed after all other props  react/jsx-sort-props
168:13  Warning: Props should be sorted alphabetically  react/jsx-sort-props
176:13  Warning: Props should be sorted alphabetically  react/jsx-sort-props
178:13  Warning: Props should be sorted alphabetically  react/jsx-sort-props
179:13  Warning: Props should be sorted alphabetically  react/jsx-sort-props
180:13  Warning: Shorthand props must be listed before all other props  react/jsx-sort-props
216:13  Warning: Props should be sorted alphabetically  react/jsx-sort-props
217:13  Warning: Props should be sorted alphabetically  react/jsx-sort-props
218:13  Warning: Props should be sorted alphabetically  react/jsx-sort-props
229:13  Warning: Props should be sorted alphabetically  react/jsx-sort-props
230:13  Warning: Props should be sorted alphabetically  react/jsx-sort-props
231:13  Warning: Props should be sorted alphabetically  react/jsx-sort-props
232:13  Warning: Props should be sorted alphabetically  react/jsx-sort-props
233:13  Warning: Props should be sorted alphabetically  react/jsx-sort-props

./src/components/UI/ProfileModal.tsx
33:9  Warning: Props should be sorted alphabetically  react/jsx-sort-props
39:11  Warning: Props should be sorted alphabetically  react/jsx-sort-props
41:11  Warning: Props should be sorted alphabetically  react/jsx-sort-props
42:11  Warning: Props should be sorted alphabetically  react/jsx-sort-props
50:11  Warning: Props should be sorted alphabetically  react/jsx-sort-props
51:11  Warning: Props should be sorted alphabetically  react/jsx-sort-props
58:15  Warning: Props should be sorted alphabetically  react/jsx-sort-props
60:15  Warning: Props should be sorted alphabetically  react/jsx-sort-props
61:15  Warning: Props should be sorted alphabetically  react/jsx-sort-props
69:15  Warning: Props should be sorted alphabetically  react/jsx-sort-props
70:15  Warning: Props should be sorted alphabetically  react/jsx-sort-props

./src/components/UI/Sidebar.tsx
80:5  Warning: Expected blank line before this statement.  padding-line-between-statements
85:5  Warning: Expected blank line before this statement.  padding-line-between-statements
95:13  Warning: Props should be sorted alphabetically  react/jsx-sort-props
110:21  Warning: Props should be sorted alphabetically  react/jsx-sort-props
124:21  Warning: Callbacks must be listed after all other props  react/jsx-sort-props
150:27  Warning: Props should be sorted alphabetically  react/jsx-sort-props
171:11  Warning: Props should be sorted alphabetically  react/jsx-sort-props

./src/components/UI/WishlistModal.tsx
22:33  Warning: 'moveToCart' is assigned a value but never used.  @typescript-eslint/no-unused-vars
52:9  Warning: Props should be sorted alphabetically  react/jsx-sort-props
54:9  Warning: Props should be sorted alphabetically  react/jsx-sort-props
59:11  Warning: Callbacks must be listed after all other props  react/jsx-sort-props
69:9  Warning: Callbacks must be listed after all other props  react/jsx-sort-props
97:29  Warning: Props should be sorted alphabetically  react/jsx-sort-props
99:29  Warning: Props should be sorted alphabetically  react/jsx-sort-props
100:29  Warning: Props should be sorted alphabetically  react/jsx-sort-props
134:29  Warning: Props should be sorted alphabetically  react/jsx-sort-props
136:29  Warning: Props should be sorted alphabetically  react/jsx-sort-props
137:29  Warning: Callbacks must be listed after all other props  react/jsx-sort-props
148:31  Warning: Callbacks must be listed after all other props  react/jsx-sort-props
156:31  Warning: Props should be sorted alphabetically  react/jsx-sort-props
158:31  Warning: Callbacks must be listed after all other props  react/jsx-sort-props
207:23  Warning: Props should be sorted alphabetically  react/jsx-sort-props

./src/components/user/UserActions.tsx
34:14  Warning: 'error' is defined but never used.  @typescript-eslint/no-unused-vars
43:14  Warning: 'error' is defined but never used.  @typescript-eslint/no-unused-vars
78:11  Warning: Callbacks must be listed after all other props  react/jsx-sort-props

./src/components/user/UserFormModal.tsx
58:5  Warning: Unexpected console statement.  no-console
66:7  Warning: Expected blank line before this statement.  padding-line-between-statements
66:7  Warning: Unexpected console statement.  no-console
80:7  Warning: Expected blank line before this statement.  padding-line-between-statements
80:7  Warning: Unexpected console statement.  no-console
85:7  Warning: Unexpected console statement.  no-console
91:28  Warning: Callbacks must be listed after all other props  react/jsx-sort-props
97:21  Warning: Callbacks must be listed after all other props  react/jsx-sort-props
110:19  Warning: Props should be sorted alphabetically  react/jsx-sort-props
132:17  Warning: Callbacks must be listed after all other props  react/jsx-sort-props

./src/hooks/useBranch.ts
93:7  Warning: Expected blank line before this statement.  padding-line-between-statements

./src/hooks/useFeaturedProducts.ts
20:9  Warning: Unexpected console statement.  no-console
21:9  Warning: Expected blank line before this statement.  padding-line-between-statements

./src/hooks/useOrder.ts
12:10  Warning: 'TOrder' is defined but never used.  unused-imports/no-unused-imports
12:10  Warning: 'TOrder' is defined but never used.  @typescript-eslint/no-unused-vars

./src/lib/axios.ts
41:7  Warning: Expected blank line before this statement.  padding-line-between-statements
49:7  Warning: Expected blank line before this statement.  padding-line-between-statements

./src/services/AuthService/index.ts
49:5  Warning: Expected blank line before this statement.  padding-line-between-statements
100:12  Warning: 'error' is defined but never used.  @typescript-eslint/no-unused-vars

./src/services/CartService/index.ts
8:5  Warning: Unexpected console statement.  no-console
10:5  Warning: Expected blank line before this statement.  padding-line-between-statements
10:5  Warning: Unexpected console statement.  no-console
11:5  Warning: Expected blank line before this statement.  padding-line-between-statements
13:5  Warning: Unexpected console statement.  no-console
20:5  Warning: Unexpected console statement.  no-console
21:5  Warning: Unexpected console statement.  no-console
23:5  Warning: Expected blank line before this statement.  padding-line-between-statements
23:5  Warning: Unexpected console statement.  no-console
24:5  Warning: Expected blank line before this statement.  padding-line-between-statements
26:5  Warning: Unexpected console statement.  no-console
33:5  Warning: Unexpected console statement.  no-console
35:5  Warning: Expected blank line before this statement.  padding-line-between-statements
35:5  Warning: Unexpected console statement.  no-console
36:5  Warning: Expected blank line before this statement.  padding-line-between-statements
38:5  Warning: Unexpected console statement.  no-console
46:3  Warning: Expected blank line before this statement.  padding-line-between-statements

./src/services/OrderService/index.ts
9:3  Warning: Expected blank line before this statement.  padding-line-between-statements
35:3  Warning: Expected blank line before this statement.  padding-line-between-statements
41:3  Warning: Expected blank line before this statement.  padding-line-between-statements
47:3  Warning: Expected blank line before this statement.  padding-line-between-statements
60:3  Warning: Expected blank line before this statement.  padding-line-between-statements
66:3  Warning: Expected blank line before this statement.  padding-line-between-statements

./src/services/search/index.ts
10:12  Warning: 'error' is defined but never used.  @typescript-eslint/no-unused-vars

./src/services/UserService/index.ts
12:5  Warning: Expected blank line before this statement.  padding-line-between-statements
18:5  Warning: Expected blank line before this statement.  padding-line-between-statements
27:5  Warning: Expected blank line before this statement.  padding-line-between-statements
37:5  Warning: Expected blank line before this statement.  padding-line-between-statements
46:5  Warning: Expected blank line before this statement.  padding-line-between-statements
57:5  Warning: Expected blank line before this statement.  padding-line-between-statements
66:5  Warning: Expected blank line before this statement.  padding-line-between-statements

./src/utils/debounce.ts
6:5  Warning: Expected blank line before this statement.  padding-line-between-statements

./src/utils/exportUtils.ts
8:3  Warning: Expected blank line before this statement.  padding-line-between-statements

info  - Need to disable some ESLint rules? Learn more here: 
https://nextjs.org/docs/app/building-your-application/configuring/eslint#disabling-rules
